[20:26:21.760] [INFO] 🚀 Session démarrée
[20:26:21.760] [INFO] Initialisation du DrawingController...
[20:26:30.739] [INFO] Initialisation du HandTracker...
[20:26:30.755] [INFO] Création canvas 640x480
[20:26:30.755] [INFO] ⌨️ KeyboardController initialisé
[20:26:30.755] [INFO] ✅ DrawingController initialisé avec succès
[20:26:30.755] [INFO] Démarrage de la boucle principale
[20:26:31.267] [WARNING] Touche non reconnue: 0xFF
[20:26:31.292] [WARNING] Touche non reconnue: 0xFF
[20:26:31.315] [WARNING] Touche non reconnue: 0xFF
[20:26:31.348] [WARNING] Touche non reconnue: 0xFF
[20:26:31.377] [WARNING] Touche non reconnue: 0xFF
[20:26:31.409] [WARNING] Touche non reconnue: 0xFF
[20:26:31.445] [WARNING] Touche non reconnue: 0xFF
[20:26:31.479] [WARNING] Touche non reconnue: 0xFF
[20:26:31.544] [WARNING] Touche non reconnue: 0xFF
[20:26:31.577] [WARNING] Touche non reconnue: 0xFF
[20:26:31.610] [WARNING] Touche non reconnue: 0xFF
[20:26:31.643] [WARNING] Touche non reconnue: 0xFF
[20:26:31.667] [WARNING] Touche non reconnue: 0xFF
[20:26:31.698] [WARNING] Touche non reconnue: 0xFF
[20:26:31.724] [WARNING] Touche non reconnue: 0xFF
[20:26:31.748] [WARNING] Touche non reconnue: 0xFF
[20:26:31.781] [WARNING] Touche non reconnue: 0xFF
[20:26:31.830] [WARNING] Touche non reconnue: 0xFF
[20:26:31.859] [WARNING] Touche non reconnue: 0xFF
[20:26:31.891] [WARNING] Touche non reconnue: 0xFF
[20:26:31.923] [WARNING] Touche non reconnue: 0xFF
[20:26:31.950] [WARNING] Touche non reconnue: 0xFF
[20:26:31.982] [WARNING] Touche non reconnue: 0xFF
[20:26:32.026] [WARNING] Touche non reconnue: 0xFF
[20:26:32.058] [WARNING] Touche non reconnue: 0xFF
[20:26:32.088] [WARNING] Touche non reconnue: 0xFF
[20:26:32.119] [WARNING] Touche non reconnue: 0xFF
[20:26:32.151] [WARNING] Touche non reconnue: 0xFF
[20:26:32.192] [WARNING] Touche non reconnue: 0xFF
[20:26:32.235] [WARNING] Touche non reconnue: 0xFF
[20:26:32.260] [WARNING] Touche non reconnue: 0xFF
[20:26:32.292] [WARNING] Touche non reconnue: 0xFF
[20:26:32.322] [WARNING] Touche non reconnue: 0xFF
[20:26:32.350] [WARNING] Touche non reconnue: 0xFF
[20:26:32.381] [WARNING] Touche non reconnue: 0xFF
[20:26:32.411] [WARNING] Touche non reconnue: 0xFF
[20:26:32.448] [WARNING] Touche non reconnue: 0xFF
[20:26:32.476] [WARNING] Touche non reconnue: 0xFF
[20:26:32.510] [WARNING] Touche non reconnue: 0xFF
[20:26:32.560] [WARNING] Touche non reconnue: 0xFF
[20:26:32.592] [WARNING] Touche non reconnue: 0xFF
[20:26:32.626] [WARNING] Touche non reconnue: 0xFF
[20:26:32.657] [WARNING] Touche non reconnue: 0xFF
[20:26:32.683] [WARNING] Touche non reconnue: 0xFF
[20:26:32.715] [WARNING] Touche non reconnue: 0xFF
[20:26:32.749] [WARNING] Touche non reconnue: 0xFF
[20:26:32.782] [WARNING] Touche non reconnue: 0xFF
[20:26:32.815] [WARNING] Touche non reconnue: 0xFF
[20:26:32.849] [WARNING] Touche non reconnue: 0xFF
[20:26:32.891] [WARNING] Touche non reconnue: 0xFF
[20:26:32.926] [WARNING] Touche non reconnue: 0xFF
[20:26:32.959] [WARNING] Touche non reconnue: 0xFF
[20:26:32.993] [WARNING] Touche non reconnue: 0xFF
[20:26:33.026] [WARNING] Touche non reconnue: 0xFF
[20:26:33.060] [WARNING] Touche non reconnue: 0xFF
[20:26:33.091] [WARNING] Touche non reconnue: 0xFF
[20:26:33.116] [WARNING] Touche non reconnue: 0xFF
[20:26:33.150] [WARNING] Touche non reconnue: 0xFF
[20:26:33.185] [WARNING] Touche non reconnue: 0xFF
[20:26:33.216] [WARNING] Touche non reconnue: 0xFF
[20:26:33.263] [WARNING] Touche non reconnue: 0xFF
[20:26:33.295] [WARNING] Touche non reconnue: 0xFF
[20:26:33.328] [WARNING] Touche non reconnue: 0xFF
[20:26:33.362] [WARNING] Touche non reconnue: 0xFF
[20:26:33.394] [WARNING] Touche non reconnue: 0xFF
[20:26:33.428] [WARNING] Touche non reconnue: 0xFF
[20:26:33.458] [WARNING] Touche non reconnue: 0xFF
[20:26:33.490] [WARNING] Touche non reconnue: 0xFF
[20:26:33.524] [WARNING] Touche non reconnue: 0xFF
[20:26:33.550] [WARNING] Touche non reconnue: 0xFF
[20:26:33.583] [WARNING] Touche non reconnue: 0xFF
[20:26:33.627] [WARNING] Touche non reconnue: 0xFF
[20:26:33.661] [WARNING] Touche non reconnue: 0xFF
[20:26:33.698] [WARNING] Touche non reconnue: 0xFF
[20:26:33.728] [WARNING] Touche non reconnue: 0xFF
[20:26:33.785] [WARNING] Touche non reconnue: 0xFF
[20:26:33.826] [WARNING] Touche non reconnue: 0xFF
[20:26:33.864] [WARNING] Touche non reconnue: 0xFF
[20:26:33.892] [WARNING] Touche non reconnue: 0xFF
[20:26:33.916] [WARNING] Touche non reconnue: 0xFF
[20:26:33.944] [WARNING] Touche non reconnue: 0xFF
[20:26:33.968] [WARNING] Touche non reconnue: 0xFF
[20:26:34.002] [WARNING] Touche non reconnue: 0xFF
[20:26:34.033] [WARNING] Touche non reconnue: 0xFF
[20:26:34.058] [WARNING] Touche non reconnue: 0xFF
[20:26:34.092] [WARNING] Touche non reconnue: 0xFF
[20:26:34.129] [WARNING] Touche non reconnue: 0xFF
[20:26:34.158] [WARNING] Touche non reconnue: 0xFF
[20:26:34.195] [WARNING] Touche non reconnue: 0xFF
[20:26:34.227] [WARNING] Touche non reconnue: 0xFF
[20:26:34.262] [WARNING] Touche non reconnue: 0xFF
[20:26:34.285] [WARNING] Touche non reconnue: 0xFF
[20:26:34.315] [WARNING] Touche non reconnue: 0xFF
[20:26:34.342] [WARNING] Touche non reconnue: 0xFF
[20:26:34.411] [WARNING] Touche non reconnue: 0xFF
[20:26:34.442] [WARNING] Touche non reconnue: 0xFF
[20:26:34.466] [WARNING] Touche non reconnue: 0xFF
[20:26:34.498] [WARNING] Touche non reconnue: 0xFF
[20:26:34.527] [WARNING] Touche non reconnue: 0xFF
[20:26:34.562] [WARNING] Touche non reconnue: 0xFF
[20:26:34.594] [WARNING] Touche non reconnue: 0xFF
[20:26:34.633] [WARNING] Touche non reconnue: 0xFF
[20:26:34.672] [WARNING] Touche non reconnue: 0xFF
[20:26:34.716] [WARNING] Touche non reconnue: 0xFF
[20:26:34.750] [WARNING] Touche non reconnue: 0xFF
[20:26:34.779] [WARNING] Touche non reconnue: 0xFF
[20:26:34.829] [WARNING] Touche non reconnue: 0xFF
[20:26:34.846] [WARNING] Touche non reconnue: 0xFF
[20:26:34.872] [WARNING] Touche non reconnue: 0xFF
[20:26:34.896] [WARNING] Touche non reconnue: 0xFF
[20:26:34.923] [WARNING] Touche non reconnue: 0xFF
[20:26:34.942] [WARNING] Touche non reconnue: 0xFF
[20:26:34.980] [WARNING] Touche non reconnue: 0xFF
[20:26:35.006] [WARNING] Touche non reconnue: 0xFF
[20:26:35.032] [WARNING] Touche non reconnue: 0xFF
[20:26:35.059] [WARNING] Touche non reconnue: 0xFF
[20:26:35.097] [WARNING] Touche non reconnue: 0xFF
[20:26:35.131] [WARNING] Touche non reconnue: 0xFF
[20:26:35.198] [WARNING] Touche non reconnue: 0xFF
[20:26:35.224] [WARNING] Touche non reconnue: 0xFF
[20:26:35.259] [WARNING] Touche non reconnue: 0xFF
[20:26:35.291] [WARNING] Touche non reconnue: 0xFF
[20:26:35.322] [WARNING] Touche non reconnue: 0xFF
[20:26:35.346] [WARNING] Touche non reconnue: 0xFF
[20:26:35.364] [WARNING] Touche non reconnue: 0xFF
[20:26:35.398] [WARNING] Touche non reconnue: 0xFF
[20:26:35.435] [WARNING] Touche non reconnue: 0xFF
[20:26:35.459] [WARNING] Touche non reconnue: 0xFF
[20:26:35.498] [WARNING] Touche non reconnue: 0xFF
[20:26:35.525] [WARNING] Touche non reconnue: 0xFF
[20:26:35.590] [WARNING] Touche non reconnue: 0xFF
[20:26:35.624] [WARNING] Touche non reconnue: 0xFF
[20:26:35.658] [WARNING] Touche non reconnue: 0xFF
[20:26:35.692] [WARNING] Touche non reconnue: 0xFF
[20:26:35.711] [WARNING] Touche non reconnue: 0xFF
[20:26:35.743] [WARNING] Touche non reconnue: 0xFF
[20:26:35.774] [WARNING] Touche non reconnue: 0xFF
[20:26:35.806] [WARNING] Touche non reconnue: 0xFF
[20:26:35.832] [WARNING] Touche non reconnue: 0xFF
[20:26:35.864] [WARNING] Touche non reconnue: 0xFF
[20:26:35.893] [WARNING] Touche non reconnue: 0xFF
[20:26:35.930] [WARNING] Touche non reconnue: 0xFF
[20:26:35.991] [WARNING] Touche non reconnue: 0xFF
[20:26:36.026] [WARNING] Touche non reconnue: 0xFF
[20:26:36.060] [WARNING] Touche non reconnue: 0xFF
[20:26:36.082] [WARNING] Touche non reconnue: 0xFF
[20:26:36.109] [WARNING] Touche non reconnue: 0xFF
[20:26:36.139] [WARNING] Touche non reconnue: 0xFF
[20:26:36.165] [WARNING] Touche non reconnue: 0xFF
[20:26:36.205] [WARNING] Touche non reconnue: 0xFF
[20:26:36.231] [WARNING] Touche non reconnue: 0xFF
[20:26:36.263] [WARNING] Touche non reconnue: 0xFF
[20:26:36.300] [WARNING] Touche non reconnue: 0xFF
[20:26:36.325] [WARNING] Touche non reconnue: 0xFF
[20:26:36.397] [WARNING] Touche non reconnue: 0xFF
[20:26:36.414] [WARNING] Touche non reconnue: 0xFF
[20:26:36.433] [WARNING] Touche non reconnue: 0xFF
[20:26:36.475] [WARNING] Touche non reconnue: 0xFF
[20:26:36.507] [WARNING] Touche non reconnue: 0xFF
[20:26:36.540] [WARNING] Touche non reconnue: 0xFF
[20:26:36.562] [WARNING] Touche non reconnue: 0xFF
[20:26:36.596] [WARNING] Touche non reconnue: 0xFF
[20:26:36.631] [WARNING] Touche non reconnue: 0xFF
[20:26:36.664] [WARNING] Touche non reconnue: 0xFF
[20:26:36.701] [WARNING] Touche non reconnue: 0xFF
[20:26:36.729] [WARNING] Touche non reconnue: 0xFF
[20:26:36.758] [WARNING] Touche non reconnue: 0xFF
[20:26:36.808] [WARNING] Touche non reconnue: 0xFF
[20:26:36.842] [WARNING] Touche non reconnue: 0xFF
[20:26:36.876] [WARNING] Touche non reconnue: 0xFF
[20:26:36.907] [WARNING] Touche non reconnue: 0xFF
[20:26:36.930] [WARNING] Touche non reconnue: 0xFF
[20:26:36.972] [WARNING] Touche non reconnue: 0xFF
[20:26:37.005] [WARNING] Touche non reconnue: 0xFF
[20:26:37.034] [WARNING] Touche non reconnue: 0xFF
[20:26:37.068] [WARNING] Touche non reconnue: 0xFF
[20:26:37.097] [WARNING] Touche non reconnue: 0xFF
[20:26:37.131] [WARNING] Touche non reconnue: 0xFF
[20:26:37.176] [WARNING] Touche non reconnue: 0xFF
[20:26:37.209] [WARNING] Touche non reconnue: 0xFF
[20:26:37.246] [WARNING] Touche non reconnue: 0xFF
[20:26:37.274] [WARNING] Touche non reconnue: 0xFF
[20:26:37.310] [WARNING] Touche non reconnue: 0xFF
[20:26:37.340] [WARNING] Touche non reconnue: 0xFF
[20:26:37.364] [WARNING] Touche non reconnue: 0xFF
[20:26:37.406] [WARNING] Touche non reconnue: 0xFF
[20:26:37.430] [WARNING] Touche non reconnue: 0xFF
[20:26:37.464] [WARNING] Touche non reconnue: 0xFF
[20:26:37.492] [WARNING] Touche non reconnue: 0xFF
[20:26:37.548] [WARNING] Touche non reconnue: 0xFF
[20:26:37.578] [WARNING] Touche non reconnue: 0xFF
[20:26:37.607] [WARNING] Touche non reconnue: 0xFF
[20:26:37.644] [WARNING] Touche non reconnue: 0xFF
[20:26:37.678] [WARNING] Touche non reconnue: 0xFF
[20:26:37.708] [WARNING] Touche non reconnue: 0xFF
[20:26:37.730] [WARNING] Touche non reconnue: 0xFF
[20:26:37.772] [WARNING] Touche non reconnue: 0xFF
[20:26:37.797] [WARNING] Touche non reconnue: 0xFF
[20:26:37.831] [WARNING] Touche non reconnue: 0xFF
[20:26:37.883] [WARNING] Touche non reconnue: 0xFF
[20:26:37.914] [WARNING] Touche non reconnue: 0xFF
[20:26:37.950] [WARNING] Touche non reconnue: 0xFF
[20:26:37.975] [WARNING] Touche non reconnue: 0xFF
[20:26:38.008] [WARNING] Touche non reconnue: 0xFF
[20:26:38.046] [WARNING] Touche non reconnue: 0xFF
[20:26:38.074] [WARNING] Touche non reconnue: 0xFF
[20:26:38.105] [WARNING] Touche non reconnue: 0xFF
[20:26:38.142] [WARNING] Touche non reconnue: 0xFF
[20:26:38.163] [WARNING] Touche non reconnue: 0xFF
[20:26:38.198] [WARNING] Touche non reconnue: 0xFF
[20:26:38.246] [WARNING] Touche non reconnue: 0xFF
[20:26:38.283] [WARNING] Touche non reconnue: 0xFF
[20:26:38.315] [WARNING] Touche non reconnue: 0xFF
[20:26:38.360] [WARNING] Touche non reconnue: 0xFF
[20:26:38.395] [WARNING] Touche non reconnue: 0xFF
[20:26:38.425] [WARNING] Touche non reconnue: 0xFF
[20:26:38.459] [WARNING] Touche non reconnue: 0xFF
[20:26:38.480] [WARNING] Touche non reconnue: 0xFF
[20:26:38.508] [WARNING] Touche non reconnue: 0xFF
[20:26:38.541] [WARNING] Touche non reconnue: 0xFF
[20:26:38.575] [WARNING] Touche non reconnue: 0xFF
[20:26:38.624] [WARNING] Touche non reconnue: 0xFF
[20:26:38.648] [WARNING] Touche non reconnue: 0xFF
[20:26:38.676] [WARNING] Touche non reconnue: 0xFF
[20:26:38.709] [WARNING] Touche non reconnue: 0xFF
[20:26:38.747] [WARNING] Touche non reconnue: 0xFF
[20:26:38.781] [WARNING] Touche non reconnue: 0xFF
[20:26:38.809] [WARNING] Touche non reconnue: 0xFF
[20:26:38.842] [WARNING] Touche non reconnue: 0xFF
[20:26:38.874] [WARNING] Touche non reconnue: 0xFF
[20:26:38.908] [WARNING] Touche non reconnue: 0xFF
[20:26:38.948] [WARNING] Touche non reconnue: 0xFF
[20:26:38.979] [WARNING] Touche non reconnue: 0xFF
[20:26:39.014] [WARNING] Touche non reconnue: 0xFF
[20:26:39.055] [WARNING] Touche non reconnue: 0xFF
[20:26:39.088] [WARNING] Touche non reconnue: 0xFF
[20:26:39.124] [WARNING] Touche non reconnue: 0xFF
[20:26:39.155] [WARNING] Touche non reconnue: 0xFF
[20:26:39.180] [WARNING] Touche non reconnue: 0xFF
[20:26:39.212] [WARNING] Touche non reconnue: 0xFF
[20:26:39.248] [WARNING] Touche non reconnue: 0xFF
[20:26:39.274] [WARNING] Touche non reconnue: 0xFF
[20:26:39.328] [WARNING] Touche non reconnue: 0xFF
[20:26:39.354] [WARNING] Touche non reconnue: 0xFF
[20:26:39.390] [WARNING] Touche non reconnue: 0xFF
[20:26:39.423] [WARNING] Touche non reconnue: 0xFF
[20:26:39.455] [WARNING] Touche non reconnue: 0xFF
[20:26:39.481] [WARNING] Touche non reconnue: 0xFF
[20:26:39.514] [WARNING] Touche non reconnue: 0xFF
[20:26:39.550] [WARNING] Touche non reconnue: 0xFF
[20:26:39.580] [WARNING] Touche non reconnue: 0xFF
[20:26:39.615] [WARNING] Touche non reconnue: 0xFF
[20:26:39.650] [WARNING] Touche non reconnue: 0xFF
[20:26:39.691] [WARNING] Touche non reconnue: 0xFF
[20:26:39.729] [WARNING] Touche non reconnue: 0xFF
[20:26:39.758] [WARNING] Touche non reconnue: 0xFF
[20:26:39.791] [WARNING] Touche non reconnue: 0xFF
[20:26:39.824] [WARNING] Touche non reconnue: 0xFF
[20:26:39.857] [WARNING] Touche non reconnue: 0xFF
[20:26:39.889] [WARNING] Touche non reconnue: 0xFF
[20:26:39.922] [WARNING] Touche non reconnue: 0xFF
[20:26:39.955] [WARNING] Touche non reconnue: 0xFF
[20:26:39.981] [WARNING] Touche non reconnue: 0xFF
[20:26:40.034] [WARNING] Touche non reconnue: 0xFF
[20:26:40.058] [WARNING] Touche non reconnue: 0xFF
[20:26:40.099] [WARNING] Touche non reconnue: 0xFF
[20:26:40.127] [WARNING] Touche non reconnue: 0xFF
[20:26:40.160] [WARNING] Touche non reconnue: 0xFF
[20:26:40.191] [WARNING] Touche non reconnue: 0xFF
[20:26:40.225] [WARNING] Touche non reconnue: 0xFF
[20:26:40.257] [WARNING] Touche non reconnue: 0xFF
[20:26:40.286] [WARNING] Touche non reconnue: 0xFF
[20:26:40.313] [WARNING] Touche non reconnue: 0xFF
[20:26:40.331] [WARNING] Touche non reconnue: 0xFF
[20:26:40.408] [WARNING] Touche non reconnue: 0xFF
[20:26:40.428] [WARNING] Touche non reconnue: 0xFF
[20:26:40.461] [WARNING] Touche non reconnue: 0xFF
[20:26:40.492] [WARNING] Touche non reconnue: 0xFF
[20:26:40.515] [WARNING] Touche non reconnue: 0xFF
[20:26:40.552] [WARNING] Touche non reconnue: 0xFF
[20:26:40.590] [WARNING] Touche non reconnue: 0xFF
[20:26:40.623] [WARNING] Touche non reconnue: 0xFF
[20:26:40.652] [WARNING] Touche non reconnue: 0xFF
[20:26:40.676] [WARNING] Touche non reconnue: 0xFF
[20:26:40.706] [WARNING] Touche non reconnue: 0xFF
[20:26:40.725] [WARNING] Touche non reconnue: 0xFF
[20:26:40.794] [WARNING] Touche non reconnue: 0xFF
[20:26:40.822] [WARNING] Touche non reconnue: 0xFF
[20:26:40.857] [WARNING] Touche non reconnue: 0xFF
[20:26:40.891] [WARNING] Touche non reconnue: 0xFF
[20:26:40.923] [WARNING] Touche non reconnue: 0xFF
[20:26:40.955] [WARNING] Touche non reconnue: 0xFF
[20:26:40.994] [WARNING] Touche non reconnue: 0xFF
[20:26:41.012] [WARNING] Touche non reconnue: 0xFF
[20:26:41.055] [WARNING] Touche non reconnue: 0xFF
[20:26:41.083] [WARNING] Touche non reconnue: 0xFF
[20:26:41.108] [WARNING] Touche non reconnue: 0xFF
[20:26:41.132] [WARNING] Touche non reconnue: 0xFF
[20:26:41.196] [WARNING] Touche non reconnue: 0xFF
[20:26:41.227] [WARNING] Touche non reconnue: 0xFF
[20:26:41.266] [WARNING] Touche non reconnue: 0xFF
[20:26:41.291] [WARNING] Touche non reconnue: 0xFF
[20:26:41.330] [WARNING] Touche non reconnue: 0xFF
[20:26:41.359] [WARNING] Touche non reconnue: 0xFF
[20:26:41.380] [WARNING] Touche non reconnue: 0xFF
[20:26:41.412] [WARNING] Touche non reconnue: 0xFF
[20:26:41.431] [WARNING] Touche non reconnue: 0xFF
[20:26:41.479] [WARNING] Touche non reconnue: 0xFF
[20:26:41.497] [WARNING] Touche non reconnue: 0xFF
[20:26:41.531] [WARNING] Touche non reconnue: 0xFF
[20:26:41.599] [WARNING] Touche non reconnue: 0xFF
[20:26:41.625] [WARNING] Touche non reconnue: 0xFF
[20:26:41.659] [WARNING] Touche non reconnue: 0xFF
[20:26:41.692] [WARNING] Touche non reconnue: 0xFF
[20:26:41.722] [WARNING] Touche non reconnue: 0xFF
[20:26:41.755] [WARNING] Touche non reconnue: 0xFF
[20:26:41.781] [WARNING] Touche non reconnue: 0xFF
[20:26:41.802] [WARNING] Touche non reconnue: 0xFF
[20:26:41.840] [WARNING] Touche non reconnue: 0xFF
[20:26:41.864] [WARNING] Touche non reconnue: 0xFF
[20:26:41.896] [WARNING] Touche non reconnue: 0xFF
[20:26:41.935] [WARNING] Touche non reconnue: 0xFF
[20:26:41.994] [WARNING] Touche non reconnue: 0xFF
[20:26:42.023] [WARNING] Touche non reconnue: 0xFF
[20:26:42.061] [WARNING] Touche non reconnue: 0xFF
[20:26:42.092] [WARNING] Touche non reconnue: 0xFF
[20:26:42.125] [WARNING] Touche non reconnue: 0xFF
[20:26:42.178] [WARNING] Touche non reconnue: 0xFF
[20:26:42.196] [WARNING] Touche non reconnue: 0xFF
[20:26:42.239] [WARNING] Touche non reconnue: 0xFF
[20:26:42.260] [WARNING] Touche non reconnue: 0xFF
[20:26:42.300] [WARNING] Touche non reconnue: 0xFF
[20:26:42.335] [WARNING] Touche non reconnue: 0xFF
[20:26:42.382] [WARNING] Touche non reconnue: 0xFF
[20:26:42.407] [WARNING] Touche non reconnue: 0xFF
[20:26:42.459] [WARNING] Touche non reconnue: 0xFF
[20:26:42.494] [WARNING] Touche non reconnue: 0xFF
[20:26:42.537] [WARNING] Touche non reconnue: 0xFF
[20:26:42.572] [WARNING] Touche non reconnue: 0xFF
[20:26:42.606] [WARNING] Touche non reconnue: 0xFF
[20:26:42.642] [WARNING] Touche non reconnue: 0xFF
[20:26:42.676] [WARNING] Touche non reconnue: 0xFF
[20:26:42.730] [WARNING] Touche non reconnue: 0xFF
[20:26:42.784] [WARNING] Touche non reconnue: 0xFF
[20:26:42.816] [WARNING] Touche non reconnue: 0xFF
[20:26:42.834] [WARNING] Touche non reconnue: 0xFF
[20:26:42.873] [WARNING] Touche non reconnue: 0xFF
[20:26:42.923] [WARNING] Touche non reconnue: 0xFF
[20:26:42.948] [WARNING] Touche non reconnue: 0xFF
[20:26:42.975] [WARNING] Touche non reconnue: 0xFF
[20:26:43.005] [WARNING] Touche non reconnue: 0xFF
[20:26:43.041] [WARNING] Touche non reconnue: 0xFF
[20:26:43.065] [WARNING] Touche non reconnue: 0xFF
[20:26:43.092] [WARNING] Touche non reconnue: 0xFF
[20:26:43.130] [WARNING] Touche non reconnue: 0xFF
[20:26:43.195] [WARNING] Touche non reconnue: 0xFF
[20:26:43.212] [WARNING] Touche non reconnue: 0xFF
[20:26:43.248] [WARNING] Touche non reconnue: 0xFF
[20:26:43.275] [WARNING] Touche non reconnue: 0xFF
[20:26:43.308] [WARNING] Touche non reconnue: 0xFF
[20:26:43.338] [WARNING] Touche non reconnue: 0xFF
[20:26:43.373] [WARNING] Touche non reconnue: 0xFF
[20:26:43.398] [WARNING] Touche non reconnue: 0xFF
[20:26:43.439] [WARNING] Touche non reconnue: 0xFF
[20:26:43.462] [WARNING] Touche non reconnue: 0xFF
[20:26:43.499] [WARNING] Touche non reconnue: 0xFF
[20:26:43.530] [WARNING] Touche non reconnue: 0xFF
[20:26:43.559] [WARNING] Touche non reconnue: 0xFF
[20:26:43.607] [WARNING] Touche non reconnue: 0xFF
[20:26:43.641] [WARNING] Touche non reconnue: 0xFF
[20:26:43.674] [WARNING] Touche non reconnue: 0xFF
[20:26:43.707] [WARNING] Touche non reconnue: 0xFF
[20:26:43.730] [WARNING] Touche non reconnue: 0xFF
[20:26:43.768] [WARNING] Touche non reconnue: 0xFF
[20:26:43.797] [WARNING] Touche non reconnue: 0xFF
[20:26:43.826] [WARNING] Touche non reconnue: 0xFF
[20:26:43.864] [WARNING] Touche non reconnue: 0xFF
[20:26:43.900] [WARNING] Touche non reconnue: 0xFF
[20:26:43.931] [WARNING] Touche non reconnue: 0xFF
[20:26:43.981] [WARNING] Touche non reconnue: 0xFF
[20:26:44.007] [WARNING] Touche non reconnue: 0xFF
[20:26:44.040] [WARNING] Touche non reconnue: 0xFF
[20:26:44.078] [WARNING] Touche non reconnue: 0xFF
[20:26:44.109] [WARNING] Touche non reconnue: 0xFF
[20:26:44.138] [WARNING] Touche non reconnue: 0xFF
[20:26:44.163] [WARNING] Touche non reconnue: 0xFF
[20:26:44.196] [WARNING] Touche non reconnue: 0xFF
[20:26:44.225] [WARNING] Touche non reconnue: 0xFF
[20:26:44.262] [WARNING] Touche non reconnue: 0xFF
[20:26:44.307] [WARNING] Touche non reconnue: 0xFF
[20:26:44.341] [WARNING] Touche non reconnue: 0xFF
[20:26:44.381] [WARNING] Touche non reconnue: 0xFF
[20:26:44.408] [WARNING] Touche non reconnue: 0xFF
[20:26:44.442] [WARNING] Touche non reconnue: 0xFF
[20:26:44.475] [WARNING] Touche non reconnue: 0xFF
[20:26:44.517] [WARNING] Touche non reconnue: 0xFF
[20:26:44.553] [WARNING] Touche non reconnue: 0xFF
[20:26:44.590] [WARNING] Touche non reconnue: 0xFF
[20:26:44.616] [WARNING] Touche non reconnue: 0xFF
[20:26:44.639] [WARNING] Touche non reconnue: 0xFF
[20:26:44.697] [WARNING] Touche non reconnue: 0xFF
[20:26:44.713] [WARNING] Touche non reconnue: 0xFF
[20:26:44.746] [WARNING] Touche non reconnue: 0xFF
[20:26:44.785] [WARNING] Touche non reconnue: 0xFF
[20:26:44.813] [WARNING] Touche non reconnue: 0xFF
[20:26:44.842] [WARNING] Touche non reconnue: 0xFF
[20:26:44.876] [WARNING] Touche non reconnue: 0xFF
[20:26:44.909] [WARNING] Touche non reconnue: 0xFF
[20:26:44.946] [WARNING] Touche non reconnue: 0xFF
[20:26:44.974] [WARNING] Touche non reconnue: 0xFF
[20:26:45.007] [WARNING] Touche non reconnue: 0xFF
[20:26:45.059] [WARNING] Touche non reconnue: 0xFF
[20:26:45.090] [WARNING] Touche non reconnue: 0xFF
[20:26:45.116] [WARNING] Touche non reconnue: 0xFF
[20:26:45.156] [WARNING] Touche non reconnue: 0xFF
[20:26:45.192] [WARNING] Touche non reconnue: 0xFF
[20:26:45.218] [WARNING] Touche non reconnue: 0xFF
[20:26:45.250] [WARNING] Touche non reconnue: 0xFF
[20:26:45.282] [WARNING] Touche non reconnue: 0xFF
[20:26:45.313] [WARNING] Touche non reconnue: 0xFF
[20:26:45.347] [WARNING] Touche non reconnue: 0xFF
[20:26:45.394] [WARNING] Touche non reconnue: 0xFF
[20:26:45.430] [WARNING] Touche non reconnue: 0xFF
[20:26:45.465] [WARNING] Touche non reconnue: 0xFF
[20:26:45.514] [WARNING] Touche non reconnue: 0xFF
[20:26:45.558] [WARNING] Touche non reconnue: 0xFF
[20:26:45.592] [WARNING] Touche non reconnue: 0xFF
[20:26:45.619] [WARNING] Touche non reconnue: 0xFF
[20:26:45.646] [WARNING] Touche non reconnue: 0xFF
[20:26:45.675] [WARNING] Touche non reconnue: 0xFF
[20:26:45.705] [WARNING] Touche non reconnue: 0xFF
[20:26:45.730] [WARNING] Touche non reconnue: 0xFF
[20:26:45.764] [WARNING] Touche non reconnue: 0xFF
[20:26:45.798] [WARNING] Touche non reconnue: 0xFF
[20:26:45.828] [WARNING] Touche non reconnue: 0xFF
[20:26:45.863] [WARNING] Touche non reconnue: 0xFF
[20:26:45.899] [WARNING] Touche non reconnue: 0xFF
[20:26:45.925] [WARNING] Touche non reconnue: 0xFF
[20:26:45.955] [WARNING] Touche non reconnue: 0xFF
[20:26:45.988] [WARNING] Touche non reconnue: 0xFF
[20:26:46.021] [WARNING] Touche non reconnue: 0xFF
[20:26:46.049] [WARNING] Touche non reconnue: 0xFF
[20:26:46.077] [WARNING] Touche non reconnue: 0xFF
[20:26:46.124] [WARNING] Touche non reconnue: 0xFF
[20:26:46.161] [WARNING] Touche non reconnue: 0xFF
[20:26:46.197] [WARNING] Touche non reconnue: 0xFF
[20:26:46.233] [WARNING] Touche non reconnue: 0xFF
[20:26:46.258] [WARNING] Touche non reconnue: 0xFF
[20:26:46.288] [WARNING] Touche non reconnue: 0xFF
[20:26:46.324] [WARNING] Touche non reconnue: 0xFF
[20:26:46.371] [WARNING] Touche non reconnue: 0xFF
[20:26:46.396] [WARNING] Touche non reconnue: 0xFF
[20:26:46.422] [WARNING] Touche non reconnue: 0xFF
[20:26:46.464] [WARNING] Touche non reconnue: 0xFF
[20:26:46.501] [WARNING] Touche non reconnue: 0xFF
[20:26:46.533] [WARNING] Touche non reconnue: 0xFF
[20:26:46.561] [WARNING] Touche non reconnue: 0xFF
[20:26:46.598] [WARNING] Touche non reconnue: 0xFF
[20:26:46.632] [WARNING] Touche non reconnue: 0xFF
[20:26:46.662] [WARNING] Touche non reconnue: 0xFF
[20:26:46.692] [WARNING] Touche non reconnue: 0xFF
[20:26:46.726] [WARNING] Touche non reconnue: 0xFF
[20:26:46.757] [WARNING] Touche non reconnue: 0xFF
[20:26:46.785] [WARNING] Touche non reconnue: 0xFF
[20:26:46.842] [WARNING] Touche non reconnue: 0xFF
[20:26:46.865] [WARNING] Touche non reconnue: 0xFF
[20:26:46.900] [WARNING] Touche non reconnue: 0xFF
[20:26:46.926] [WARNING] Touche non reconnue: 0xFF
[20:26:46.963] [WARNING] Touche non reconnue: 0xFF
[20:26:46.994] [WARNING] Touche non reconnue: 0xFF
[20:26:47.026] [WARNING] Touche non reconnue: 0xFF
[20:26:47.061] [WARNING] Touche non reconnue: 0xFF
[20:26:47.097] [WARNING] Touche non reconnue: 0xFF
[20:26:47.126] [WARNING] Touche non reconnue: 0xFF
[20:26:47.147] [WARNING] Touche non reconnue: 0xFF
[20:26:47.210] [WARNING] Touche non reconnue: 0xFF
[20:26:47.238] [WARNING] Touche non reconnue: 0xFF
[20:26:47.268] [WARNING] Touche non reconnue: 0xFF
[20:26:47.310] [WARNING] Touche non reconnue: 0xFF
[20:26:47.345] [WARNING] Touche non reconnue: 0xFF
[20:26:47.381] [WARNING] Touche non reconnue: 0xFF
[20:26:47.416] [WARNING] Touche non reconnue: 0xFF
[20:26:47.460] [WARNING] Touche non reconnue: 0xFF
[20:26:47.533] [WARNING] Touche non reconnue: 0xFF
[20:26:47.606] [WARNING] Touche non reconnue: 0xFF
[20:26:47.643] [WARNING] Touche non reconnue: 0xFF
[20:26:47.677] [WARNING] Touche non reconnue: 0xFF
[20:26:47.703] [WARNING] Touche non reconnue: 0xFF
[20:26:47.735] [WARNING] Touche non reconnue: 0xFF
[20:26:47.776] [WARNING] Touche non reconnue: 0xFF
[20:26:47.812] [WARNING] Touche non reconnue: 0xFF
[20:26:47.841] [WARNING] Touche non reconnue: 0xFF
[20:26:47.866] [WARNING] Touche non reconnue: 0xFF
[20:26:47.901] [WARNING] Touche non reconnue: 0xFF
[20:26:47.946] [WARNING] Touche non reconnue: 0xFF
[20:26:47.978] [WARNING] Touche non reconnue: 0xFF
[20:26:48.016] [WARNING] Touche non reconnue: 0xFF
[20:26:48.045] [WARNING] Touche non reconnue: 0xFF
[20:26:48.075] [WARNING] Touche non reconnue: 0xFF
[20:26:48.114] [WARNING] Touche non reconnue: 0xFF
[20:26:48.152] [WARNING] Touche non reconnue: 0xFF
[20:26:48.190] [WARNING] Touche non reconnue: 0xFF
[20:26:48.232] [WARNING] Touche non reconnue: 0xFF
[20:26:48.250] [WARNING] Touche non reconnue: 0xFF
[20:26:48.272] [WARNING] Touche non reconnue: 0xFF
[20:26:48.313] [WARNING] Touche non reconnue: 0xFF
[20:26:48.327] [WARNING] Touche non reconnue: 0xFF
[20:26:48.355] [WARNING] Touche non reconnue: 0xFF
[20:26:48.392] [WARNING] Touche non reconnue: 0xFF
[20:26:48.439] [WARNING] Touche non reconnue: 0xFF
[20:26:48.470] [WARNING] Touche non reconnue: 0xFF
[20:26:48.504] [WARNING] Touche non reconnue: 0xFF
[20:26:48.532] [WARNING] Touche non reconnue: 0xFF
[20:26:48.572] [WARNING] Touche non reconnue: 0xFF
[20:26:48.608] [WARNING] Touche non reconnue: 0xFF
[20:26:48.641] [WARNING] Touche non reconnue: 0xFF
[20:26:48.666] [WARNING] Touche non reconnue: 0xFF
[20:26:48.699] [WARNING] Touche non reconnue: 0xFF
[20:26:48.726] [WARNING] Touche non reconnue: 0xFF
[20:26:48.747] [WARNING] Touche non reconnue: 0xFF
[20:26:48.805] [WARNING] Touche non reconnue: 0xFF
[20:26:48.830] [WARNING] Touche non reconnue: 0xFF
[20:26:48.868] [WARNING] Touche non reconnue: 0xFF
[20:26:48.893] [WARNING] Touche non reconnue: 0xFF
[20:26:48.930] [WARNING] Touche non reconnue: 0xFF
[20:26:48.956] [WARNING] Touche non reconnue: 0xFF
[20:26:48.981] [WARNING] Touche non reconnue: 0xFF
[20:26:49.016] [WARNING] Touche non reconnue: 0xFF
[20:26:49.043] [WARNING] Touche non reconnue: 0xFF
[20:26:49.077] [WARNING] Touche non reconnue: 0xFF
[20:26:49.113] [WARNING] Touche non reconnue: 0xFF
[20:26:49.140] [WARNING] Touche non reconnue: 0xFF
[20:26:49.211] [WARNING] Touche non reconnue: 0xFF
[20:26:49.242] [WARNING] Touche non reconnue: 0xFF
[20:26:49.268] [WARNING] Touche non reconnue: 0xFF
[20:26:49.297] [WARNING] Touche non reconnue: 0xFF
[20:26:49.320] [WARNING] Touche non reconnue: 0xFF
[20:26:49.347] [WARNING] Touche non reconnue: 0xFF
[20:26:49.376] [WARNING] Touche non reconnue: 0xFF
[20:26:49.410] [WARNING] Touche non reconnue: 0xFF
[20:26:49.441] [WARNING] Touche non reconnue: 0xFF
[20:26:49.474] [WARNING] Touche non reconnue: 0xFF
[20:26:49.507] [WARNING] Touche non reconnue: 0xFF
[20:26:49.539] [WARNING] Touche non reconnue: 0xFF
[20:26:49.615] [WARNING] Touche non reconnue: 0xFF
[20:26:49.636] [WARNING] Touche non reconnue: 0xFF
[20:26:49.665] [WARNING] Touche non reconnue: 0xFF
[20:26:49.693] [WARNING] Touche non reconnue: 0xFF
[20:26:49.722] [WARNING] Touche non reconnue: 0xFF
[20:26:49.749] [WARNING] Touche non reconnue: 0xFF
[20:26:49.783] [WARNING] Touche non reconnue: 0xFF
[20:26:49.810] [WARNING] Touche non reconnue: 0xFF
[20:26:49.843] [WARNING] Touche non reconnue: 0xFF
[20:26:49.875] [WARNING] Touche non reconnue: 0xFF
[20:26:49.911] [WARNING] Touche non reconnue: 0xFF
[20:26:49.940] [WARNING] Touche non reconnue: 0xFF
[20:26:49.972] [WARNING] Touche non reconnue: 0xFF
[20:26:50.009] [WARNING] Touche non reconnue: 0xFF
[20:26:50.061] [WARNING] Touche non reconnue: 0xFF
[20:26:50.091] [WARNING] Touche non reconnue: 0xFF
[20:26:50.117] [WARNING] Touche non reconnue: 0xFF
[20:26:50.147] [WARNING] Touche non reconnue: 0xFF
[20:26:50.176] [WARNING] Touche non reconnue: 0xFF
[20:26:50.240] [WARNING] Touche non reconnue: 0xFF
[20:26:50.265] [WARNING] Touche non reconnue: 0xFF
[20:26:50.310] [WARNING] Touche non reconnue: 0xFF
[20:26:50.334] [WARNING] Touche non reconnue: 0xFF
[20:26:50.371] [WARNING] Touche non reconnue: 0xFF
[20:26:50.393] [WARNING] Touche non reconnue: 0xFF
[20:26:50.449] [WARNING] Touche non reconnue: 0xFF
[20:26:50.474] [WARNING] Touche non reconnue: 0xFF
[20:26:50.514] [WARNING] Touche non reconnue: 0xFF
[20:26:50.532] [WARNING] Touche non reconnue: 0xFF
[20:26:50.575] [WARNING] Touche non reconnue: 0xFF
[20:26:50.597] [WARNING] Touche non reconnue: 0xFF
[20:26:50.640] [WARNING] Touche non reconnue: 0xFF
[20:26:50.664] [WARNING] Touche non reconnue: 0xFF
[20:26:50.706] [WARNING] Touche non reconnue: 0xFF
[20:26:50.730] [WARNING] Touche non reconnue: 0xFF
[20:26:50.846] [WARNING] Touche non reconnue: 0xFF
[20:26:50.865] [WARNING] Touche non reconnue: 0xFF
[20:26:50.902] [WARNING] Touche non reconnue: 0xFF
[20:26:50.944] [WARNING] Touche non reconnue: 0xFF
[20:26:50.983] [WARNING] Touche non reconnue: 0xFF
[20:26:51.008] [WARNING] Touche non reconnue: 0xFF
[20:26:51.030] [WARNING] Touche non reconnue: 0xFF
[20:26:51.059] [WARNING] Touche non reconnue: 0xFF
[20:26:51.108] [WARNING] Touche non reconnue: 0xFF
[20:26:51.141] [WARNING] Touche non reconnue: 0xFF
[20:26:51.165] [WARNING] Touche non reconnue: 0xFF
[20:26:51.197] [WARNING] Touche non reconnue: 0xFF
[20:26:51.241] [WARNING] Touche non reconnue: 0xFF
[20:26:51.273] [WARNING] Touche non reconnue: 0xFF
[20:26:51.296] [WARNING] Touche non reconnue: 0xFF
[20:26:51.323] [WARNING] Touche non reconnue: 0xFF
[20:26:51.383] [WARNING] Touche non reconnue: 0xFF
[20:26:51.407] [WARNING] Touche non reconnue: 0xFF
[20:26:51.431] [WARNING] Touche non reconnue: 0xFF
[20:26:51.462] [WARNING] Touche non reconnue: 0xFF
[20:26:51.507] [WARNING] Touche non reconnue: 0xFF
[20:26:51.538] [WARNING] Touche non reconnue: 0xFF
[20:26:51.561] [WARNING] Touche non reconnue: 0xFF
[20:26:51.589] [WARNING] Touche non reconnue: 0xFF
[20:26:51.658] [WARNING] Touche non reconnue: 0xFF
[20:26:51.680] [WARNING] Touche non reconnue: 0xFF
[20:26:51.706] [WARNING] Touche non reconnue: 0xFF
[20:26:51.731] [WARNING] Touche non reconnue: 0xFF
[20:26:51.783] [WARNING] Touche non reconnue: 0xFF
[20:26:51.813] [WARNING] Touche non reconnue: 0xFF
[20:26:51.841] [WARNING] Touche non reconnue: 0xFF
[20:26:51.866] [WARNING] Touche non reconnue: 0xFF
[20:26:51.917] [WARNING] Touche non reconnue: 0xFF
[20:26:51.944] [WARNING] Touche non reconnue: 0xFF
[20:26:51.977] [WARNING] Touche non reconnue: 0xFF
[20:26:52.025] [WARNING] Touche non reconnue: 0xFF
[20:26:52.058] [WARNING] Touche non reconnue: 0xFF
[20:26:52.099] [WARNING] Touche non reconnue: 0xFF
[20:26:52.127] [WARNING] Touche non reconnue: 0xFF
[20:26:52.160] [WARNING] Touche non reconnue: 0xFF
[20:26:52.196] [WARNING] Touche non reconnue: 0xFF
[20:26:52.304] [WARNING] Touche non reconnue: 0xFF
[20:26:52.331] [WARNING] Touche non reconnue: 0xFF
[20:26:52.363] [WARNING] Touche non reconnue: 0xFF
[20:26:52.395] [WARNING] Touche non reconnue: 0xFF
[20:26:52.451] [WARNING] Touche non reconnue: 0xFF
[20:26:52.471] [WARNING] Touche non reconnue: 0xFF
[20:26:52.494] [WARNING] Touche non reconnue: 0xFF
[20:26:52.516] [WARNING] Touche non reconnue: 0xFF
[20:26:52.582] [WARNING] Touche non reconnue: 0xFF
[20:26:52.608] [WARNING] Touche non reconnue: 0xFF
[20:26:52.649] [WARNING] Touche non reconnue: 0xFF
[20:26:52.676] [WARNING] Touche non reconnue: 0xFF
[20:26:52.726] [WARNING] Touche non reconnue: 0xFF
[20:26:52.760] [WARNING] Touche non reconnue: 0xFF
[20:26:52.790] [WARNING] Touche non reconnue: 0xFF
[20:26:52.825] [WARNING] Touche non reconnue: 0xFF
[20:26:52.862] [WARNING] Touche non reconnue: 0xFF
[20:26:52.901] [WARNING] Touche non reconnue: 0xFF
[20:26:52.929] [WARNING] Touche non reconnue: 0xFF
[20:26:52.958] [WARNING] Touche non reconnue: 0xFF
[20:26:52.984] [WARNING] Touche non reconnue: 0xFF
[20:26:53.119] [WARNING] Touche non reconnue: 0xFF
[20:26:53.153] [WARNING] Touche non reconnue: 0xFF
[20:26:53.194] [WARNING] Touche non reconnue: 0xFF
[20:26:53.230] [WARNING] Touche non reconnue: 0xFF
[20:26:53.261] [WARNING] Touche non reconnue: 0xFF
[20:26:53.375] [WARNING] Touche non reconnue: 0xFF
[20:26:53.401] [WARNING] Touche non reconnue: 0xFF
[20:26:53.425] [WARNING] Touche non reconnue: 0xFF
[20:26:53.440] [WARNING] Touche non reconnue: 0xFF
[20:26:53.506] [WARNING] Touche non reconnue: 0xFF
[20:26:53.543] [WARNING] Touche non reconnue: 0xFF
[20:26:53.564] [WARNING] Touche non reconnue: 0xFF
[20:26:53.596] [WARNING] Touche non reconnue: 0xFF
[20:26:53.641] [WARNING] Touche non reconnue: 0xFF
[20:26:53.673] [WARNING] Touche non reconnue: 0xFF
[20:26:53.696] [WARNING] Touche non reconnue: 0xFF
[20:26:53.715] [WARNING] Touche non reconnue: 0xFF
[20:26:53.775] [WARNING] Touche non reconnue: 0xFF
[20:26:53.797] [WARNING] Touche non reconnue: 0xFF
[20:26:53.822] [WARNING] Touche non reconnue: 0xFF
[20:26:53.848] [WARNING] Touche non reconnue: 0xFF
[20:26:53.918] [WARNING] Touche non reconnue: 0xFF
[20:26:53.940] [WARNING] Touche non reconnue: 0xFF
[20:26:53.963] [WARNING] Touche non reconnue: 0xFF
[20:26:53.976] [WARNING] Touche non reconnue: 0xFF
[20:26:54.046] [WARNING] Touche non reconnue: 0xFF
[20:26:54.069] [WARNING] Touche non reconnue: 0xFF
[20:26:54.092] [WARNING] Touche non reconnue: 0xFF
[20:26:54.114] [WARNING] Touche non reconnue: 0xFF
[20:26:54.174] [INFO] Touche pressée: ECHAP
[20:26:54.175] [INFO] Commande: QUITTER
[20:26:54.175] [INFO] Bouton QUITTER pressé
[20:26:54.175] [INFO] Nettoyage des ressources...
[20:26:54.175] [INFO] Statistiques finales: {'fps': 25.10824583249151, 'frames_processed': 671, 'canvas_stats': {'total_points': 215, 'brush_size': 3, 'eraser_mode': False, 'canvas_size': '640x480'}, 'keyboard_stats': {'total_keys': 671, 'last_key': 'ECHAP', 'history': ['0xFF', '0xFF', '0xFF', '0xFF', 'ECHAP']}}
[20:26:54.592] [INFO] 👋 Session terminée
