[20:40:28.535] [INFO] [logger.py:50] ==================================================
[20:40:28.692] [INFO] [logger.py:51] 🚀 NOUVELLE SESSION DÉMARRÉE
[20:40:28.693] [INFO] [logger.py:52] 📅 Date: 2026-02-18 20:40:28
[20:40:28.694] [INFO] [logger.py:53] ==================================================
[20:40:28.695] [INFO] [drawing_controller.py:34] ==================================================
[20:40:28.696] [INFO] [drawing_controller.py:35] 🚀 Initialisation du DrawingController...
[20:40:28.700] [INFO] [drawing_controller.py:36] ==================================================
[20:40:39.744] [INFO] [drawing_controller.py:50] ✅ Caméra initialisée: 640x480
[20:40:39.744] [INFO] [drawing_controller.py:56] 📦 Initialisation des modèles...
[20:40:39.744] [INFO] [hand_tracker.py:52] Initialisation HandTracker avancé...
[20:40:39.773] [INFO] [hand_tracker.py:76] ✅ HandTracker prêt
[20:40:39.775] [INFO] [canvas_model.py:18] Création canvas 640x480
[20:40:39.779] [INFO] [shapes.py:27] 📐 ShapeDetector initialisé
[20:40:39.826] [INFO] [canvas_model.py:47] ✅ Canvas prêt
[20:40:39.829] [INFO] [drawing_controller.py:59] ✅ Modèles initialisés
[20:40:39.830] [INFO] [drawing_controller.py:62] 🖥️ Initialisation de la vue...
[20:40:39.832] [INFO] [main_view.py:40] ✅ MainView initialisée
[20:40:39.832] [INFO] [drawing_controller.py:64] ✅ Vue initialisée
[20:40:39.839] [INFO] [drawing_controller.py:67] 🎮 Initialisation des contrôleurs...
[20:40:39.839] [INFO] [keyboard_controller.py:57] ⌨️ KeyboardController avancé prêt
[20:40:41.489] [INFO] [voice_commands.py:39] 🎤 Microphone initialisé avec succès
[20:40:41.489] [INFO] [voice_commands.py:76] 🎤 VoiceController initialisé (actif)
[20:40:41.489] [INFO] [drawing_controller.py:70] ✅ Contrôleurs initialisés
[20:40:41.489] [INFO] [drawing_controller.py:73] ✨ Initialisation des fonctionnalités avancées...
[20:40:41.489] [INFO] [drawing_controller.py:82] ✅ Fonctionnalités avancées initialisées
[20:40:41.489] [INFO] [voice_commands.py:92] 🎤 Écoute vocale démarrée (parlez dans le micro)
[20:40:41.489] [INFO] [main_view.py:231] NOTIF: 🎤 Micro actif
[20:40:41.489] [INFO] [drawing_controller.py:107] ==================================================
[20:40:41.489] [INFO] [drawing_controller.py:108] ✅✅✅ DrawingController prêt! ✅✅✅
[20:40:41.499] [INFO] [drawing_controller.py:109] ==================================================
[20:40:41.501] [INFO] [drawing_controller.py:163] ▶️ Démarrage de la boucle principale
